_verified/packets/interleaved_moment_minimal_nonfaces/solution.lean:137:4: warning: `push_neg` has been deprecated. Prefer using `push Not` instead.
If you'd rather continue using `push_neg` in your project, you can implement it as follows:
```
open Lean.Parser.Tactic in
macro "push_neg" cfg:optConfig loc:(location)? : tactic =>
  `(tactic| push $cfg:optConfig Not $[$loc]?)
```
_verified/packets/interleaved_moment_minimal_nonfaces/solution.lean:173:8: warning: Used `tac1 <;> tac2` where `(tac1; tac2)` would suffice

Note: This linter can be disabled with `set_option linter.unnecessarySeqFocus false`
_verified/packets/interleaved_moment_minimal_nonfaces/solution.lean:249:4: warning: `push_neg` has been deprecated. Prefer using `push Not` instead.
If you'd rather continue using `push_neg` in your project, you can implement it as follows:
```
open Lean.Parser.Tactic in
macro "push_neg" cfg:optConfig loc:(location)? : tactic =>
  `(tactic| push $cfg:optConfig Not $[$loc]?)
```
_verified/packets/interleaved_moment_minimal_nonfaces/solution.lean:254:4: warning: `push_neg` has been deprecated. Prefer using `push Not` instead.
If you'd rather continue using `push_neg` in your project, you can implement it as follows:
```
open Lean.Parser.Tactic in
macro "push_neg" cfg:optConfig loc:(location)? : tactic =>
  `(tactic| push $cfg:optConfig Not $[$loc]?)
```
_verified/packets/interleaved_moment_minimal_nonfaces/solution.lean:272:4: warning: `push_neg` has been deprecated. Prefer using `push Not` instead.
If you'd rather continue using `push_neg` in your project, you can implement it as follows:
```
open Lean.Parser.Tactic in
macro "push_neg" cfg:optConfig loc:(location)? : tactic =>
  `(tactic| push $cfg:optConfig Not $[$loc]?)
```
_verified/packets/interleaved_moment_minimal_nonfaces/solution.lean:351:8: warning: this tactic is never executed

Note: This linter can be disabled with `set_option linter.unreachableTactic false`
_verified/packets/interleaved_moment_minimal_nonfaces/solution.lean:351:8: warning: 'ring' tactic does nothing

Note: This linter can be disabled with `set_option linter.unusedTactic false`
'Hirsch.InterleavedMoment.weight_signs' depends on axioms: [propext, Classical.choice, Quot.sound]
'Hirsch.InterleavedMoment.polynomial_positive_both' depends on axioms: [propext, Classical.choice, Quot.sound]
'Hirsch.MomentSmallFaces.exact_small_face_witness' depends on axioms: [propext, Classical.choice, Quot.sound]
'Hirsch.MomentBarycentric.both_signs_positive' depends on axioms: [propext, Classical.choice, Quot.sound]
'solution' depends on axioms: [propext, Classical.choice, Quot.sound]
