_verified/packets/moment_barycentric_nonfaces/driver.lean:57:4: warning: `push_neg` has been deprecated. Prefer using `push Not` instead.
If you'd rather continue using `push_neg` in your project, you can implement it as follows:
```
open Lean.Parser.Tactic in
macro "push_neg" cfg:optConfig loc:(location)? : tactic =>
  `(tactic| push $cfg:optConfig Not $[$loc]?)
```
_verified/packets/moment_barycentric_nonfaces/driver.lean:62:4: warning: `push_neg` has been deprecated. Prefer using `push Not` instead.
If you'd rather continue using `push_neg` in your project, you can implement it as follows:
```
open Lean.Parser.Tactic in
macro "push_neg" cfg:optConfig loc:(location)? : tactic =>
  `(tactic| push $cfg:optConfig Not $[$loc]?)
```
_verified/packets/moment_barycentric_nonfaces/driver.lean:80:4: warning: `push_neg` has been deprecated. Prefer using `push Not` instead.
If you'd rather continue using `push_neg` in your project, you can implement it as follows:
```
open Lean.Parser.Tactic in
macro "push_neg" cfg:optConfig loc:(location)? : tactic =>
  `(tactic| push $cfg:optConfig Not $[$loc]?)
```
_verified/packets/moment_barycentric_nonfaces/driver.lean:159:8: warning: this tactic is never executed

Note: This linter can be disabled with `set_option linter.unreachableTactic false`
_verified/packets/moment_barycentric_nonfaces/driver.lean:159:8: warning: 'ring' tactic does nothing

Note: This linter can be disabled with `set_option linter.unusedTactic false`
'Hirsch.MomentBarycentric.weighted_eval_zero' depends on axioms: [propext, Classical.choice, Quot.sound]
'Hirsch.MomentBarycentric.both_signs_positive' depends on axioms: [propext, Classical.choice, Quot.sound]
'Hirsch.MomentBarycentric.slack_ne_zero' depends on axioms: [propext, Classical.choice, Quot.sound]
'Hirsch.MomentBarycentric.original_nonfaces' depends on axioms: [propext, Classical.choice, Quot.sound]
'solution' depends on axioms: [propext, Classical.choice, Quot.sound]
