_verified/packets/moment_six_row_small_gain/solution.lean:122:8: warning: this tactic is never executed

Note: This linter can be disabled with `set_option linter.unreachableTactic false`
_verified/packets/moment_six_row_small_gain/solution.lean:122:8: warning: 'ring' tactic does nothing

Note: This linter can be disabled with `set_option linter.unusedTactic false`
_verified/packets/moment_six_row_small_gain/solution.lean:343:36: warning: This simp argument is unused:
  Module.finrank_self

Hint: Omit it from the simp argument list.
  simp only [Module.finrank_pi, M̵o̵d̵u̵l̵e̵.̵f̵i̵n̵r̵a̵n̵k̵_̵s̵e̵l̵f̵,̵ ̵Fintype.card_fin, Fintype.card_coe, hcard]

Note: This linter can be disabled with `set_option linter.unusedSimpArgs false`
_verified/packets/moment_six_row_small_gain/solution.lean:361:4: warning: `push_neg` has been deprecated. Prefer using `push Not` instead.
If you'd rather continue using `push_neg` in your project, you can implement it as follows:
```
open Lean.Parser.Tactic in
macro "push_neg" cfg:optConfig loc:(location)? : tactic =>
  `(tactic| push $cfg:optConfig Not $[$loc]?)
```
_verified/packets/moment_six_row_small_gain/solution.lean:747:49: warning: unused variable `he4`

Note: This linter can be disabled with `set_option linter.unusedVariables false`
_verified/packets/moment_six_row_small_gain/solution.lean:762:53: warning: Used `tac1 <;> tac2` where `(tac1; tac2)` would suffice

Note: This linter can be disabled with `set_option linter.unnecessarySeqFocus false`
_verified/packets/moment_six_row_small_gain/solution.lean:768:53: warning: Used `tac1 <;> tac2` where `(tac1; tac2)` would suffice

Note: This linter can be disabled with `set_option linter.unnecessarySeqFocus false`
_verified/packets/moment_six_row_small_gain/solution.lean:882:45: warning: Used `tac1 <;> tac2` where `(tac1; tac2)` would suffice

Note: This linter can be disabled with `set_option linter.unnecessarySeqFocus false`
_verified/packets/moment_six_row_small_gain/solution.lean:907:8: warning: Used `tac1 <;> tac2` where `(tac1; tac2)` would suffice

Note: This linter can be disabled with `set_option linter.unnecessarySeqFocus false`
_verified/packets/moment_six_row_small_gain/solution.lean:919:8: warning: Used `tac1 <;> tac2` where `(tac1; tac2)` would suffice

Note: This linter can be disabled with `set_option linter.unnecessarySeqFocus false`
'_private._verified.packets.moment_six_row_small_gain.solution.0.Hirsch.SmallGain.point_geometry' depends on axioms: [propext,
 Classical.choice,
 Quot.sound]
'Hirsch.SmallGain.neighbors' depends on axioms: [propext, Classical.choice, Quot.sound]
'Hirsch.SmallGain.gain_bounds' depends on axioms: [propext, Classical.choice, Quot.sound]
'Hirsch.SmallGain.three_edge_route' depends on axioms: [propext, Classical.choice, Quot.sound]
'solution' depends on axioms: [propext, Classical.choice, Quot.sound]
