'Hirsch.FiniteAffineChambers.zero_of_sign_change' depends on axioms: [propext, Classical.choice, Quot.sound]
'Hirsch.FiniteAffineChambers.chamber_sign' depends on axioms: [propext, Classical.choice, Quot.sound]
'Hirsch.FiniteAffineChambers.exists_chambers' depends on axioms: [propext, Classical.choice, Quot.sound]
'Hirsch.FiniteAffineChambers.compress_sequence' depends on axioms: [propext, Classical.choice, Quot.sound]
'Hirsch.FiniteAffineChambers.exists_itinerary' depends on axioms: [propext, Classical.choice, Quot.sound]
_verified/packets/finite_affine_chambers/solution.lean:428:4: warning: `push_neg` has been deprecated. Prefer using `push Not` instead.
If you'd rather continue using `push_neg` in your project, you can implement it as follows:
```
open Lean.Parser.Tactic in
macro "push_neg" cfg:optConfig loc:(location)? : tactic =>
  `(tactic| push $cfg:optConfig Not $[$loc]?)
```
'Hirsch.FiniteAffineChambers.root_between' depends on axioms: [propext, Classical.choice, Quot.sound]
'Hirsch.FiniteAffineChambers.crossing_sequence' depends on axioms: [propext, Classical.choice, Quot.sound]
_verified/packets/finite_affine_chambers/solution.lean:565:4: warning: `push_neg` has been deprecated. Prefer using `push Not` instead.
If you'd rather continue using `push_neg` in your project, you can implement it as follows:
```
open Lean.Parser.Tactic in
macro "push_neg" cfg:optConfig loc:(location)? : tactic =>
  `(tactic| push $cfg:optConfig Not $[$loc]?)
```
'solution' depends on axioms: [propext, Classical.choice, Quot.sound]
