_verified/packets/moment_common_row_edges/driver.lean:122:8: warning: this tactic is never executed

Note: This linter can be disabled with `set_option linter.unreachableTactic false`
_verified/packets/moment_common_row_edges/driver.lean:122:8: warning: 'ring' tactic does nothing

Note: This linter can be disabled with `set_option linter.unusedTactic false`
_verified/packets/moment_common_row_edges/driver.lean:343:36: warning: This simp argument is unused:
  Module.finrank_self

Hint: Omit it from the simp argument list.
  simp only [Module.finrank_pi, M̵o̵d̵u̵l̵e̵.̵f̵i̵n̵r̵a̵n̵k̵_̵s̵e̵l̵f̵,̵ ̵Fintype.card_fin, Fintype.card_coe, hcard]

Note: This linter can be disabled with `set_option linter.unusedSimpArgs false`
_verified/packets/moment_common_row_edges/driver.lean:361:4: warning: `push_neg` has been deprecated. Prefer using `push Not` instead.
If you'd rather continue using `push_neg` in your project, you can implement it as follows:
```
open Lean.Parser.Tactic in
macro "push_neg" cfg:optConfig loc:(location)? : tactic =>
  `(tactic| push $cfg:optConfig Not $[$loc]?)
```
'Hirsch.MomentEdges.common_is_erase' depends on axioms: [propext, Classical.choice, Quot.sound]
'Hirsch.MomentEdges.common_slice_eq_segment' depends on axioms: [propext, Classical.choice, Quot.sound]
'Hirsch.MomentEdges.interior_tight_rows' depends on axioms: [propext, Classical.choice, Quot.sound]
'Hirsch.MomentEdges.exposed_edge' depends on axioms: [propext, Classical.choice, Quot.sound]
'solution' depends on axioms: [propext, Classical.choice, Quot.sound]
